// Vitest Snapshot v1, https://vitest.dev/guide/snapshot.html

exports[`renders simple component 1`] = `
<div>
  Hello World
</div>
`;
